
#block_1_1
left:   373
right:  1250
top:    169
bottom: 1584
height: 1415
width:  877
