
#block_1_1
left:   314
right:  441
top:    155
bottom: 177
height: 22
width:  127
