<bbox>
   <left>373</left>
   <right>1250</right>
   <top>169</top>
   <bottom>1584</bottom>
   <width>877</width>
   <height>1415</height>
</bbox>
