<bbox>
   <left>314</left>
   <right>441</right>
   <top>155</top>
   <bottom>177</bottom>
   <width>127</width>
   <height>22</height>
</bbox>
