<bbox>
   <left>140</left>
   <right>836</right>
   <top>253</top>
   <bottom>1782</bottom>
   <width>696</width>
   <height>1529</height>
</bbox>
